// Jest Snapshot v1, https://goo.gl/fbAQLP

exports[`renders correctly 1`] = `
<div
  className="Body"
>
  <Logo
    className="Body__logo"
    focused={true}
  />
  <ScrollArea
    className="Body__scrollarea"
    contentClassName="Body__scrollarea__content"
    smoothScrolling={true}
    verticalContainerClassName="scrollbar-container vertical"
  >
    <div
      className="Body__content"
    />
  </ScrollArea>
</div>
`;
