// Jest Snapshot v1, https://goo.gl/fbAQLP

exports[`renders correctly 1`] = `
<HelmetProvider
  context={Object {}}
>
  <Route
    exact={true}
    key="home"
    path="/"
  >
    <Helmet
      defer={true}
      encodeSpecialCharacters={true}
    >
      <title>
        erbridge
      </title>
    </Helmet>
  </Route>
  <Route
    exact={true}
    key="games"
    path="/games"
  >
    <Helmet
      defer={true}
      encodeSpecialCharacters={true}
    >
      <title>
        Games | 
        erbridge
      </title>
    </Helmet>
  </Route>
  <Route
    exact={true}
    key="web"
    path="/web"
  >
    <Helmet
      defer={true}
      encodeSpecialCharacters={true}
    >
      <title>
        Web | 
        erbridge
      </title>
    </Helmet>
  </Route>
  <Route
    exact={true}
    key="misc"
    path="/misc"
  >
    <Helmet
      defer={true}
      encodeSpecialCharacters={true}
    >
      <title>
        Misc | 
        erbridge
      </title>
    </Helmet>
  </Route>
  <Route
    exact={true}
    key="fiction"
    path="/fiction"
  >
    <Helmet
      defer={true}
      encodeSpecialCharacters={true}
    >
      <title>
        Fiction | 
        erbridge
      </title>
    </Helmet>
  </Route>
  <Route
    exact={true}
    key="blog"
    path="/blog"
  >
    <Helmet
      defer={true}
      encodeSpecialCharacters={true}
    >
      <title>
        Blog | 
        erbridge
      </title>
    </Helmet>
  </Route>
  <Route
    exact={true}
    key="books"
    path="/books"
  >
    <Helmet
      defer={true}
      encodeSpecialCharacters={true}
    >
      <title>
        erbridge
      </title>
    </Helmet>
  </Route>
</HelmetProvider>
`;
