// Jest Snapshot v1, https://goo.gl/fbAQLP

exports[`renders correctly 1`] = `
<g
  className="LogoParticleGroup"
  transform="translate(100) scale(1) translate(-100)"
>
  <LogoParticle
    groupBoundingRect={null}
    key="0"
    radius={12}
    x={236.3953286501938}
    y={46.35}
  />
  <LogoParticle
    groupBoundingRect={null}
    key="1"
    radius={12}
    x={236.3953286501938}
    y={80.65}
  />
  <LogoParticle
    groupBoundingRect={null}
    key="2"
    radius={12}
    x={236.3953286501938}
    y={114.95}
  />
  <LogoParticle
    groupBoundingRect={null}
    key="100"
    radius={12}
    x={266.1}
    y={29.200000000000003}
  />
  <LogoParticle
    groupBoundingRect={null}
    key="101"
    radius={12}
    x={266.1}
    y={63.5}
  />
  <LogoParticle
    groupBoundingRect={null}
    key="102"
    radius={12}
    x={266.1}
    y={97.8}
  />
  <LogoParticle
    groupBoundingRect={null}
    key="103"
    radius={12}
    x={266.1}
    y={132.1}
  />
  <LogoParticle
    groupBoundingRect={null}
    key="200"
    radius={12}
    x={295.80467134980626}
    y={12.050000000000004}
  />
  <LogoParticle
    groupBoundingRect={null}
    key="201"
    radius={12}
    x={295.80467134980626}
    y={46.35}
  />
  <LogoParticle
    groupBoundingRect={null}
    key="202"
    radius={12}
    x={295.80467134980626}
    y={80.65}
  />
  <LogoParticle
    groupBoundingRect={null}
    key="203"
    radius={12}
    x={295.80467134980626}
    y={114.95}
  />
  <LogoParticle
    groupBoundingRect={null}
    key="204"
    radius={12}
    x={295.80467134980626}
    y={149.25}
  />
  <LogoParticle
    groupBoundingRect={null}
    key="300"
    radius={12}
    x={325.5093426996125}
    y={29.200000000000003}
  />
  <LogoParticle
    groupBoundingRect={null}
    key="301"
    radius={12}
    x={325.5093426996125}
    y={63.5}
  />
  <LogoParticle
    groupBoundingRect={null}
    key="302"
    radius={12}
    x={325.5093426996125}
    y={97.8}
  />
  <LogoParticle
    groupBoundingRect={null}
    key="303"
    radius={12}
    x={325.5093426996125}
    y={132.1}
  />
  <LogoParticle
    groupBoundingRect={null}
    key="400"
    radius={12}
    x={355.2140140494188}
    y={46.35}
  />
  <LogoParticle
    groupBoundingRect={null}
    key="401"
    radius={12}
    x={355.2140140494188}
    y={80.65}
  />
  <LogoParticle
    groupBoundingRect={null}
    key="402"
    radius={12}
    x={355.2140140494188}
    y={114.95}
  />
</g>
`;
