// Jest Snapshot v1, https://goo.gl/fbAQLP

exports[`renders correctly 1`] = `
<div
  className="MarkdownYouTube"
>
  <ReactPlayer
    className="MarkdownYouTube__content"
    config={
      Object {
        "youtube": Object {
          "embedOptions": Object {
            "host": "https://www.youtube-nocookie.com",
          },
        },
      }
    }
    controls={true}
    height="100%"
    light={false}
    loop={false}
    muted={false}
    onBuffer={[Function]}
    onBufferEnd={[Function]}
    onDisablePIP={[Function]}
    onDuration={[Function]}
    onEnablePIP={[Function]}
    onEnded={[Function]}
    onError={[Function]}
    onPause={[Function]}
    onPlay={[Function]}
    onProgress={[Function]}
    onReady={[Function]}
    onSeek={[Function]}
    onStart={[Function]}
    pip={false}
    playbackRate={1}
    playing={false}
    playsinline={false}
    progressInterval={1000}
    style={Object {}}
    url="https://www.youtube.com/embed/test-id"
    volume={null}
    width="100%"
    wrapper="div"
  />
</div>
`;
