// Jest Snapshot v1, https://goo.gl/fbAQLP

exports[`renders correctly 1`] = `
<Fragment>
  <Img
    alt="test"
    className="ViewableImage"
    container={[Function]}
    decode={true}
    loader={false}
    onClick={[Function]}
    src="/test.jpg"
    unloader={
      <span
        className="ViewableImage__placeholder"
      >
        test
      </span>
    }
  />
  <Lightbox
    isOpen={false}
    onClose={[Function]}
    src="/test.jpg"
  />
</Fragment>
`;
