// Jest Snapshot v1, https://goo.gl/fbAQLP

exports[`renders correctly 1`] = `
<BrowserRouter>
  <div
    className="App"
    onMouseMove={[Function]}
  >
    <ContextProvider
      value={null}
    >
      <Route
        exact={true}
        key="home"
        path="/"
        render={[Function]}
      />
      <Route
        exact={true}
        key="games"
        path="/games"
        render={[Function]}
      />
      <Route
        exact={true}
        key="web"
        path="/web"
        render={[Function]}
      />
      <Route
        exact={true}
        key="misc"
        path="/misc"
        render={[Function]}
      />
      <Route
        exact={true}
        key="fiction"
        path="/fiction"
        render={[Function]}
      />
      <Route
        exact={true}
        key="blog"
        path="/blog"
        render={[Function]}
      />
      <Route
        exact={true}
        key="books"
        path="/books"
        render={[Function]}
      />
      <Header
        homeRoute={
          Object {
            "link": "Home",
            "loadContent": [Function],
            "name": "home",
            "navExact": true,
            "path": "/",
            "styles": undefined,
            "title": undefined,
          }
        }
        routes={
          Array [
            Object {
              "link": "Home",
              "loadContent": [Function],
              "name": "home",
              "navExact": true,
              "path": "/",
              "styles": undefined,
              "title": undefined,
            },
            Object {
              "link": "Games",
              "name": "games",
              "path": "/games",
              "routes": Array [],
              "title": "Games",
            },
            Object {
              "link": "Web",
              "name": "web",
              "path": "/web",
              "routes": Array [],
              "title": "Web",
            },
            Object {
              "link": "Misc",
              "name": "misc",
              "path": "/misc",
              "routes": Array [],
              "title": "Misc",
            },
            Object {
              "link": "Fiction",
              "name": "fiction",
              "path": "/fiction",
              "routes": Array [],
              "title": "Fiction",
            },
            Object {
              "link": "Blog",
              "name": "blog",
              "path": "/blog",
              "routes": Array [],
              "title": "Blog",
            },
          ]
        }
      />
      <Body
        className="App__body"
      >
        <Route
          render={[Function]}
        />
      </Body>
    </ContextProvider>
  </div>
</BrowserRouter>
`;
