// Jest Snapshot v1, https://goo.gl/fbAQLP

exports[`renders correctly 1`] = `
<BrowserRouter>
  <div
    className="App"
    onMouseMove={[Function]}
  >
    <Route
      exact={true}
      key="home"
      path="/"
      render={[Function]}
    />
    <Route
      exact={true}
      key="games"
      path="/games"
      render={[Function]}
    />
    <Route
      exact={true}
      key="web"
      path="/web"
      render={[Function]}
    />
    <Route
      exact={true}
      key="tools"
      path="/tools"
      render={[Function]}
    />
    <Route
      exact={true}
      key="misc"
      path="/misc"
      render={[Function]}
    />
    <Route
      exact={true}
      key="fiction"
      path="/fiction"
      render={[Function]}
    />
    <Route
      exact={true}
      key="blog"
      path="/blog"
      render={[Function]}
    />
    <Route
      exact={true}
      key="blog__all"
      path="/blog/all"
      render={[Function]}
    />
    <Route
      exact={true}
      key="blog__gamedev"
      path="/blog/gamedev"
      render={[Function]}
    />
    <Route
      exact={true}
      key="blog__journals"
      path="/blog/journals"
      render={[Function]}
    />
    <Header
      homeRoute={
        Object {
          "link": "Home",
          "loadContent": [Function],
          "name": "home",
          "navExact": true,
          "path": "/",
          "styles": undefined,
          "title": undefined,
        }
      }
      pointerPosition={null}
      routes={
        Array [
          Object {
            "link": "Home",
            "loadContent": [Function],
            "name": "home",
            "navExact": true,
            "path": "/",
            "styles": undefined,
            "title": undefined,
          },
          Object {
            "link": "Games",
            "name": "games",
            "path": "/games",
            "routes": Array [],
            "title": "Games",
          },
          Object {
            "link": "Web",
            "name": "web",
            "path": "/web",
            "routes": Array [],
            "title": "Web",
          },
          Object {
            "link": "Tools",
            "name": "tools",
            "path": "/tools",
            "routes": Array [],
            "title": "Tools",
          },
          Object {
            "link": "Misc",
            "name": "misc",
            "path": "/misc",
            "routes": Array [],
            "title": "Misc",
          },
          Object {
            "link": "Fiction",
            "name": "fiction",
            "path": "/fiction",
            "routes": Array [],
            "title": "Fiction",
          },
          Object {
            "link": "Blog",
            "name": "blog",
            "path": "/blog",
            "routes": Array [
              Object {
                "name": "blog__all",
                "path": "/blog/all",
                "routes": Array [],
                "title": "All Posts",
              },
              Object {
                "name": "blog__gamedev",
                "path": "/blog/gamedev",
                "routes": Array [],
                "title": "Game Development",
              },
              Object {
                "name": "blog__journals",
                "path": "/blog/journals",
                "routes": Array [],
                "title": "Roleplaying Journals",
              },
            ],
            "title": "Blog",
          },
        ]
      }
    />
    <Body
      className="App__body"
      pointerPosition={null}
    >
      <Route
        render={[Function]}
      />
    </Body>
    <Footer />
  </div>
</BrowserRouter>
`;
